exports[`students reducer should handle ADD_STUDENT 1`] = `Array []`;

exports[`students reducer should handle ADD_STUDENT_SUCCESS 1`] = `Array []`;

exports[`students reducer should handle FETCH_STUDENT 1`] = `Array []`;

exports[`students reducer should handle FETCH_STUDENT_SUCCESS 1`] = `Array []`;

exports[`students reducer should handle FETCH_STUDENTS 1`] = `Array []`;

exports[`students reducer should handle FETCH_STUDENTS_SUCCESS 1`] = `Array []`;

exports[`students reducer should return the initial state 1`] = `Object {}`;
